
> sahil-estates@0.1.0 build
> next build

node.exe : ΓÜá 
Warning: Next.js 
inferred your 
workspace root, but 
it may not be 
correct.
At line:1 char:1
+ & "C:\Program Files
\nodejs/node.exe" 
"C:\Program 
Files\nodejs/node_mo 
...
+ ~~~~~~~~~~~~~~~~~~~
~~~~~~~~~~~~~~~~~~~~~
~~~~~~~~~~~~~~~~~~~~~
~~~~~~~~
    + CategoryInfo   
           : NotSpe  
  cified: (ΓÜá War   
 ning: Ne...not b    
e correct.:Strin    
g) [], RemoteExc    
eption
    + FullyQualified 
   ErrorId : Native  
  CommandError
 
 We detected 
multiple lockfiles 
and selected the 
directory of C:\Users
\Sahil\package-lock.j
son as the root 
directory.
 To silence this 
warning, set 
`turbopack.root` in 
your Next.js config, 
or consider removing 
one of the lockfiles 
if it's not needed.
   See https://nextjs
.org/docs/app/api-ref
erence/config/next-co
nfig-js/turbopack#roo
t-directory for more 
information.
 Detected additional 
lockfiles: 
   * C:\Users\Sahil\.
gemini\antigravity\sc
ratch\sahil-estates\p
ackage-lock.json

Γû▓ Next.js 16.1.6 (Turbopack)

  Creating an optimized production build ...

> Build error 
occurred
Error: Turbopack 
build failed with 2 
errors:
./.gemini/antigravity
/scratch/sahil-estate
s/src/components/Navb
ar.js:8:1
Module not found: 
Can't resolve 
'@chakra-ui/icons'
[0m [90m  6 |[39m 
    useDisclosure[33
m,[39m [33mVStack[
39m[33m,[39m 
[33mLink[39m 
[36mas[39m [33mCha
kraLink[39m[33m,[3
9m [33mBadge[39m
 [90m  7 |[39m } 
[36mfrom[39m [32m'
@chakra-ui/react'[39
m[33m;[39m
[31m[1m>[22m[39m
[90m  8 |[39m 
[36mimport[39m { [
33mHamburgerIcon[39m
 } [36mfrom[39m [3
2m'@chakra-ui/icons'
[39m[33m;[39m
 [90m    |[39m [31
m[1m^[22m[39m[31m
[1m^[22m[39m[31m
[1m^[22m[39m[31m[
1m^[22m[39m[31m[1
m^[22m[39m[31m[1m
^[22m[39m[31m[1m^
[22m[39m[31m[1m^
[22m[39m[31m[1m^[
22m[39m[31m[1m^[2
2m[39m[31m[1m^[22
m[39m[31m[1m^[22m
[39m[31m[1m^[22m
[39m[31m[1m^[22m[
39m[31m[1m^[22m[3
9m[31m[1m^[22m[39
m[31m[1m^[22m[39m
[31m[1m^[22m[39m
[31m[1m^[22m[39m[
31m[1m^[22m[39m[3
1m[1m^[22m[39m[31
m[1m^[22m[39m[31m
[1m^[22m[39m[31m
[1m^[22m[39m[31m[
1m^[22m[39m[31m[1
m^[22m[39m[31m[1m
^[22m[39m[31m[1m^
[22m[39m[31m[1m^
[22m[39m[31m[1m^[
22m[39m[31m[1m^[2
2m[39m[31m[1m^[22
m[39m[31m[1m^[22m
[39m[31m[1m^[22m
[39m[31m[1m^[22m[
39m[31m[1m^[22m[3
9m[31m[1m^[22m[39
m[31m[1m^[22m[39m
[31m[1m^[22m[39m
[31m[1m^[22m[39m[
31m[1m^[22m[39m[3
1m[1m^[22m[39m[31
m[1m^[22m[39m[31m
[1m^[22m[39m[31m
[1m^[22m[39m[31m[
1m^[22m[39m[31m[1
m^[22m[39m[31m[1m
^[22m[39m[31m[1m^
[22m[39m
 [90m  9 |[39m 
[36mimport[39m { 
[33mFaHeart[39m } 
[36mfrom[39m [32m'
react-icons/fa'[39m
[33m;[39m
 [90m 10 |[39m 
[36mimport[39m 
[33mLink[39m 
[36mfrom[39m [32m'
next/link'[39m[33m;
[39m
 [90m 11 |[39m 
[36mimport[39m { 
useFavorites } 
[36mfrom[39m [32m'
@/context/FavoritesCo
ntext'[39m[33m;[39
m[0m



Import traces:
  Client Component 
Browser:
    ./.gemini/antigra
vity/scratch/sahil-es
tates/src/components/
Navbar.js [Client 
Component Browser]
    ./.gemini/antigra
vity/scratch/sahil-es
tates/src/app/page.js
 [Client Component 
Browser]
    ./.gemini/antigra
vity/scratch/sahil-es
tates/src/app/page.js
 [Server Component]

  Client Component 
SSR:
    ./.gemini/antigra
vity/scratch/sahil-es
tates/src/components/
Navbar.js [Client 
Component SSR]
    ./.gemini/antigra
vity/scratch/sahil-es
tates/src/app/page.js
 [Client Component 
SSR]
    ./.gemini/antigra
vity/scratch/sahil-es
tates/src/app/page.js
 [Server Component]

https://nextjs.org/do
cs/messages/module-no
t-found


./.gemini/antigravity
/scratch/sahil-estate
s/src/components/Navb
ar.js:5:1
Module not found: 
Can't resolve 
'@chakra-ui/icons'
[0m [90m 3 |[39m 
[36mimport[39m { c 
[36mas[39m _c } 
[36mfrom[39m [32m"
react/compiler-runtim
e"[39m[33m;[39m
 [90m 4 |[39m 
[36mimport[39m { [
33mBox[39m[33m,[39
m [33mFlex[39m[33m
,[39m [33mHeading[
39m[33m,[39m [33mS
pacer[39m[33m,[39m
 [33mButton[39m[33
m,[39m [33mContaine
r[39m[33m,[39m [3
3mIconButton[39m[33
m,[39m [33mDrawer[
39m[33m,[39m [33mD
rawerBody[39m[33m,
[39m [33mDrawerHeade
r[39m[33m,[39m [3
3mDrawerOverlay[39m
[33m,[39m [33mDrawe
rContent[39m[33m,[
39m [33mDrawerCloseB
utton[39m[33m,[39m
 useDisclosure[33m,
[39m [33mVStack[39m
[33m,[39m 
[33mLink[39m 
[36mas[39m [33mCha
kraLink[39m[33m,[3
9m [33mBadge[39m } 
[36mfrom[39m [32m'
@chakra-ui/react'[39
m[33m;[39m
[31m[1m>[22m[39m
[90m 5 |[39m 
[36mimport[39m { [
33mHamburgerIcon[39m
 } [36mfrom[39m [3
2m'@chakra-ui/icons'
[39m[33m;[39m
 [90m   |[39m [31m
[1m^[22m[39m[31m
[1m^[22m[39m[31m[
1m^[22m[39m[31m[1
m^[22m[39m[31m[1m
^[22m[39m[31m[1m^
[22m[39m[31m[1m^
[22m[39m[31m[1m^[
22m[39m[31m[1m^[2
2m[39m[31m[1m^[22
m[39m[31m[1m^[22m
[39m[31m[1m^[22m
[39m[31m[1m^[22m[
39m[31m[1m^[22m[3
9m[31m[1m^[22m[39
m[31m[1m^[22m[39m
[31m[1m^[22m[39m
[31m[1m^[22m[39m[
31m[1m^[22m[39m[3
1m[1m^[22m[39m[31
m[1m^[22m[39m[31m
[1m^[22m[39m[31m
[1m^[22m[39m[31m[
1m^[22m[39m[31m[1
m^[22m[39m[31m[1m
^[22m[39m[31m[1m^
[22m[39m[31m[1m^
[22m[39m[31m[1m^[
22m[39m[31m[1m^[2
2m[39m[31m[1m^[22
m[39m[31m[1m^[22m
[39m[31m[1m^[22m
[39m[31m[1m^[22m[
39m[31m[1m^[22m[3
9m[31m[1m^[22m[39
m[31m[1m^[22m[39m
[31m[1m^[22m[39m
[31m[1m^[22m[39m[
31m[1m^[22m[39m[3
1m[1m^[22m[39m[31
m[1m^[22m[39m[31m
[1m^[22m[39m[31m
[1m^[22m[39m[31m[
1m^[22m[39m[31m[1
m^[22m[39m[31m[1m
^[22m[39m[31m[1m^
[22m[39m[31m[1m^
[22m[39m
 [90m 6 |[39m 
[36mimport[39m { 
[33mFaHeart[39m } 
[36mfrom[39m [32m'
react-icons/fa'[39m
[33m;[39m
 [90m 7 |[39m 
[36mimport[39m 
[33mLink[39m 
[36mfrom[39m [32m'
next/link'[39m[33m;
[39m
 [90m 8 |[39m 
[36mimport[39m { 
useFavorites } 
[36mfrom[39m [32m'
@/context/FavoritesCo
ntext'[39m[33m;[39
m[0m



Import traces:
  Client Component 
Browser:
    ./.gemini/antigra
vity/scratch/sahil-es
tates/src/components/
Navbar.js [Client 
Component Browser]
    ./.gemini/antigra
vity/scratch/sahil-es
tates/src/app/page.js
 [Client Component 
Browser]
    ./.gemini/antigra
vity/scratch/sahil-es
tates/src/app/page.js
 [Server Component]

  Client Component 
SSR:
    ./.gemini/antigra
vity/scratch/sahil-es
tates/src/components/
Navbar.js [Client 
Component SSR]
    ./.gemini/antigra
vity/scratch/sahil-es
tates/src/app/page.js
 [Client Component 
SSR]
    ./.gemini/antigra
vity/scratch/sahil-es
tates/src/app/page.js
 [Server Component]

https://nextjs.org/do
cs/messages/module-no
t-found


    at <unknown> (./.
gemini/antigravity/sc
ratch/sahil-estates/s
rc/components/Navbar.
js:8:1)
    at <unknown> (htt
ps://nextjs.org/docs/
messages/module-not-f
ound)
    at <unknown> (./.
gemini/antigravity/sc
ratch/sahil-estates/s
rc/components/Navbar.
js:5:1)
    at <unknown> (htt
ps://nextjs.org/docs/
messages/module-not-f
ound)
